21:51:51.261 [main                     ] DEBUG Logger               - Configured Logger
21:51:51.271 [main                     ] DEBUG GameApplication      - Logging settings
Title: Breakout - LBYCPOB OOP Sample
Version: 3.0
Width: 800
Height: 800
Fullscreen: false
Intro: false
Profiling: false
Single step:false
App Mode: DEVELOPER
Menu Key: ESCAPE
Stage Style: DECORATED
Scene Factory: class com.almasb.fxgl.app.scene.SceneFactory

21:51:52.178 [JavaFX Application Thread] DEBUG FXGLApplication      - Initializing FXGL
21:51:52.188 [JavaFX Application Thread] INFO  Engine               - FXGL-25 (05.02.2026 22.57) on WINDOWS (J:25.0.3 FX:25.0.1)
21:51:52.188 [JavaFX Application Thread] DEBUG Engine               - JRE Vendor Name: Oracle Corporation
21:51:52.189 [JavaFX Application Thread] DEBUG Engine               - Running on OS: Windows 11 version 10.0
21:51:52.189 [JavaFX Application Thread] DEBUG Engine               - Architecture: amd64
21:51:52.189 [JavaFX Application Thread] INFO  Engine               - Source code and latest versions at: https://github.com/AlmasB/FXGL
21:51:52.189 [JavaFX Application Thread] INFO  Engine               -       Ask questions and discuss at: https://github.com/AlmasB/FXGL/discussions
21:51:52.452 [JavaFX Application Thread] DEBUG PrimaryStageWindow   - Creating a JavaFX scene
21:51:52.561 [JavaFX Application Thread] DEBUG PrimaryStageWindow   - Target settings size: 800.0 x 800.0
21:51:52.561 [JavaFX Application Thread] DEBUG PrimaryStageWindow   - Scaled scene size:    800.0 x 800.0
21:51:52.561 [JavaFX Application Thread] DEBUG PrimaryStageWindow   - Scaled ratio: (1.0, 1.0)
21:51:52.564 [JavaFX Application Thread] DEBUG PrimaryStageWindow   - Set initial scene to FXGLStartupScene
21:51:52.576 [JavaFX Application Thread] DEBUG PrimaryStageWindow   - Opening main window
21:51:54.161 [JavaFX Application Thread] DEBUG PrimaryStageWindow   - Window border size: (16.0, 39.0)
21:51:54.161 [JavaFX Application Thread] DEBUG PrimaryStageWindow   - Scaled size: 800.0 x 800.0
21:51:54.161 [JavaFX Application Thread] DEBUG PrimaryStageWindow   - Scaled ratio: (1.0, 1.0)
21:51:54.162 [JavaFX Application Thread] DEBUG PrimaryStageWindow   - Scene size: 800.0 x 800.0
21:51:54.162 [JavaFX Application Thread] DEBUG PrimaryStageWindow   - Stage size: 816.0 x 839.0
21:51:54.171 [FXGL Background Thread 1 ] DEBUG Engine               - Initializing environment variables
21:51:54.240 [FXGL Background Thread 1 ] DEBUG FXGLAssetLoaderServi - User app class for loading assets: class ph.edu.dlsu.lbycpob.breakoutfxgl.app.BreakoutApp
21:51:54.240 [FXGL Background Thread 1 ] DEBUG GameApplicationServi - Applying CSS: fxgl_dark.css
21:51:54.242 [FXGL Background Thread 1 ] DEBUG FXGLAssetLoaderServi - Loading from file system: jar:file:/C:/Users/nshpa/.m2/repository/com/github/almasb/fxgl/25/fxgl-25.jar!/fxglassets/ui/css/fxgl_dark.css
21:51:54.308 [FXGL Background Thread 1 ] DEBUG GameApplicationServi - Initializing application scenes
21:51:54.365 [FXGL Background Thread 1 ] DEBUG GameWorld            - Game world initialized
21:51:54.430 [FXGL Background Thread 1 ] DEBUG PhysicsWorld         - Physics world initialized: appHeight=800, physics.ppm=50.0
21:51:54.430 [FXGL Background Thread 1 ] DEBUG PhysicsWorld         - Using strategy: BRUTE_FORCE
21:51:54.438 [FXGL Background Thread 1 ] DEBUG GameScene            - Game scene initialized: 800x800
21:51:54.460 [FXGL Background Thread 1 ] DEBUG FXGL.DefaultMenu     - createMenuBodyGameMenu()
21:51:54.501 [FXGL Background Thread 1 ] DEBUG FXGL.DefaultMenu     - createOptionsMenu()
21:51:54.516 [FXGL Background Thread 1 ] DEBUG FXGLAssetLoaderServi - Loading from file system: jar:file:/C:/Users/nshpa/.m2/repository/com/github/almasb/fxgl/25/fxgl-25.jar!/fxglassets/textures/particles/smoke.png
21:51:54.608 [FXGL Background Thread 1 ] DEBUG FXGLAssetLoaderServi - Loading from file system: jar:file:/C:/Users/nshpa/.m2/repository/com/github/almasb/fxgl/25/fxgl-25.jar!/fxglassets/textures/particles/trace_horizontal.png
21:51:54.638 [FXGL Background Thread 1 ] DEBUG GameApplicationServi - Application scenes initialized
21:51:54.654 [FXGL Background Thread 1 ] DEBUG SystemBundleService  - Loading FXGL system data
21:51:54.656 [FXGL Background Thread 1 ] DEBUG FileSystemAccess     - Reading from: C:\Users\nshpa\Desktop\BreakoutFXGL\system\fxgl.bundle
21:51:54.658 [FXGL Background Thread 1 ] DEBUG SystemBundleService  - Bundle FXGL: {}
21:51:54.659 [FXGL Background Thread 1 ] DEBUG UpdaterService       - Checking for updates
21:51:54.664 [FXGL Background Thread 4 ] DEBUG FXGLApplication      - Loading fonts
21:51:54.664 [FXGL Background Thread 4 ] DEBUG FXGLAssetLoaderServi - Loading from file system: jar:file:/C:/Users/nshpa/.m2/repository/com/github/almasb/fxgl/25/fxgl-25.jar!/fxglassets/ui/fonts/VarelaRound-Regular.ttf
21:51:54.664 [FXGL Background Thread 1 ] DEBUG FXGLApplication      - Loading default localization
21:51:54.665 [FXGL Background Thread 1 ] DEBUG FXGLAssetLoaderServi - Loading from file system: jar:file:/C:/Users/nshpa/.m2/repository/com/github/almasb/fxgl/25/fxgl-25.jar!/fxglassets/languages/english.lang
21:51:54.675 [FXGL Background Thread 4 ] DEBUG FXGLAssetLoaderServi - Loading from file system: jar:file:/C:/Users/nshpa/.m2/repository/com/github/almasb/fxgl/25/fxgl-25.jar!/fxglassets/ui/fonts/Abel-Regular.ttf
21:51:54.688 [FXGL Background Thread 4 ] DEBUG FXGLAssetLoaderServi - Loading from file system: jar:file:/C:/Users/nshpa/.m2/repository/com/github/almasb/fxgl/25/fxgl-25.jar!/fxglassets/ui/fonts/TerminalLandMono-Regular.otf
21:51:54.695 [FXGL Background Thread 1 ] INFO  FXGLApplication      - FXGL initialization took: 0.524 sec
21:51:54.696 [FXGL Background Thread 4 ] DEBUG FXGLAssetLoaderServi - Loading from file system: jar:file:/C:/Users/nshpa/.m2/repository/com/github/almasb/fxgl/25/fxgl-25.jar!/fxglassets/ui/fonts/Courier-Prime.ttf
21:51:54.706 [JavaFX Application Thread] DEBUG Input                - Registered new binding: Move Left - Left
21:51:54.706 [JavaFX Application Thread] DEBUG Input                - Registered new binding: Move Right - Right
21:51:54.706 [JavaFX Application Thread] DEBUG Input                - Registered new binding: Move Left A - A
21:51:54.706 [JavaFX Application Thread] DEBUG Input                - Registered new binding: Move Right D - D
21:51:54.706 [JavaFX Application Thread] DEBUG Input                - Registered new binding: Restart Game - R
21:51:54.707 [JavaFX Application Thread] DEBUG Input                - Registered new binding: Toggle Mute - M
21:51:54.707 [JavaFX Application Thread] DEBUG FXGLAssetLoaderServi - Loading from file system: jar:file:/C:/Users/nshpa/.m2/repository/com/github/almasb/fxgl/25/fxgl-25.jar!/fxglassets/textures/fxgl_icon.png
21:51:54.729 [JavaFX Application Thread] DEBUG FXGLAssetLoaderServi - Loading from file system: jar:file:/C:/Users/nshpa/.m2/repository/com/github/almasb/fxgl/25/fxgl-25.jar!/fxglassets/textures/fxgl_default_cursor.png
21:51:54.733 [JavaFX Application Thread] DEBUG Input                - Registered new binding: Screenshot - CTRL+8
21:51:54.734 [JavaFX Application Thread] DEBUG Input                - Registered new binding: System info dump - CTRL+9
21:51:54.734 [JavaFX Application Thread] DEBUG Input                - Registered new binding: Restart - CTRL+R
21:51:54.735 [JavaFX Application Thread] DEBUG Input                - Registered new binding: Toggle Debug Camera - CTRL+7
21:51:54.740 [JavaFX Application Thread] DEBUG LoopRunner           - Starting loop
21:51:54.740 [JavaFX Application Thread] DEBUG LoopRunner           - Initializing JavaFX AnimationTimerLoop
21:51:54.742 [JavaFX Application Thread] DEBUG GameApplicationServi - Starting new game
21:51:54.743 [JavaFX Application Thread] DEBUG Input                - Clearing active input actions
21:51:54.757 [JavaFX Application Thread] DEBUG GameApplicationServi - Removing overlay from FXGLStartupScene and adding to FXGLLoadingScene
21:51:54.757 [JavaFX Application Thread] DEBUG PrimaryStageWindow   - FXGLStartupScene -> FXGLLoadingScene
21:51:54.757 [JavaFX Application Thread] DEBUG GameApplicationServi - Clearing previous game
21:51:54.757 [JavaFX Application Thread] DEBUG GameScene            - Clearing game scene
21:51:54.757 [JavaFX Application Thread] DEBUG GameWorld            - Clearing game world
21:51:54.757 [JavaFX Application Thread] DEBUG PhysicsWorld         - Clearing physics world
21:51:54.759 [JavaFX Application Thread] DEBUG FXGLApplication      - Registering font factories with UI factory
21:51:54.759 [FXGL Background Thread 4 ] DEBUG FXGLApplication      - Initializing game
21:51:55.025 [FXGL Background Thread 4 ] INFO  FXGLApplication      - Game initialization took: 0.266 sec
21:51:55.028 [JavaFX Application Thread] DEBUG Input                - Clearing active input actions
21:51:55.045 [JavaFX Application Thread] DEBUG GameApplicationServi - Removing overlay from FXGLLoadingScene and adding to GameScene
21:51:55.045 [JavaFX Application Thread] DEBUG PrimaryStageWindow   - FXGLLoadingScene -> GameScene
21:51:57.663 [FXGL Background Thread 3 ] DEBUG Engine               - Logging environment variables
21:51:57.663 [FXGL Background Thread 3 ] DEBUG Engine               - achievements: []
21:51:57.663 [FXGL Background Thread 3 ] DEBUG Engine               - actualHeight: 800.0
21:51:57.663 [FXGL Background Thread 3 ] DEBUG Engine               - actualHeightProperty: ReadOnlyDoubleProperty [value: 800.0]
21:51:57.663 [FXGL Background Thread 3 ] DEBUG Engine               - actualWidth: 800.0
21:51:57.663 [FXGL Background Thread 3 ] DEBUG Engine               - actualWidthProperty: ReadOnlyDoubleProperty [value: 800.0]
21:51:57.663 [FXGL Background Thread 3 ] DEBUG Engine               - appIcon: fxgl_icon.png
21:51:57.663 [FXGL Background Thread 3 ] DEBUG Engine               - applicationMode: DEVELOPER
21:51:57.663 [FXGL Background Thread 3 ] DEBUG Engine               - cSSList: [fxgl_dark.css]
21:51:57.663 [FXGL Background Thread 3 ] DEBUG Engine               - collisionDetectionStrategy: BRUTE_FORCE
21:51:57.663 [FXGL Background Thread 3 ] DEBUG Engine               - configClass: Optional.empty
21:51:57.663 [FXGL Background Thread 3 ] DEBUG Engine               - credits: []
21:51:57.663 [FXGL Background Thread 3 ] DEBUG Engine               - defaultCursor: CursorInfo(imageName=fxgl_default_cursor.png, hotspotX=7.0, hotspotY=6.0)
21:51:57.663 [FXGL Background Thread 3 ] DEBUG Engine               - devBBoxColorProperty: ObjectProperty [value: 0xff0000ff]
21:51:57.663 [FXGL Background Thread 3 ] DEBUG Engine               - devEnableDebugCameraProperty: BooleanProperty [value: false]
21:51:57.663 [FXGL Background Thread 3 ] DEBUG Engine               - devSensorColorProperty: ObjectProperty [value: 0xffff00ff]
21:51:57.664 [FXGL Background Thread 3 ] DEBUG Engine               - devShowBBoxProperty: BooleanProperty [value: false]
21:51:57.664 [FXGL Background Thread 3 ] DEBUG Engine               - devShowPositionProperty: BooleanProperty [value: false]
21:51:57.664 [FXGL Background Thread 3 ] DEBUG Engine               - enabledMenuItems: []
21:51:57.664 [FXGL Background Thread 3 ] DEBUG Engine               - engineServices: [class com.almasb.fxgl.app.services.FXGLAssetLoaderService, class com.almasb.fxgl.app.FXGLApplication$GameApplicationService, class com.almasb.fxgl.app.services.FXGLDialogService, class com.almasb.fxgl.app.services.IOTaskExecutorService, class com.almasb.fxgl.io.FileSystemService, class com.almasb.fxgl.localization.LocalizationService, class com.almasb.fxgl.app.services.SystemBundleService, class com.almasb.fxgl.profile.SaveLoadService, class com.almasb.fxgl.ui.FXGLUIFactoryServiceProvider, class com.almasb.fxgl.ui.FXGLDialogFactoryServiceProvider, class com.almasb.fxgl.audio.AudioPlayer, class com.almasb.fxgl.notification.impl.NotificationServiceProvider, class com.almasb.fxgl.achievement.AchievementService, class com.almasb.fxgl.cutscene.CutsceneService, class com.almasb.fxgl.minigames.MiniGameService, class com.almasb.fxgl.net.NetService, class com.almasb.fxgl.app.services.UpdaterService, class com.almasb.fxgl.dev.DevService]
21:51:57.664 [FXGL Background Thread 3 ] DEBUG Engine               - fontGame: Abel-Regular.ttf
21:51:57.664 [FXGL Background Thread 3 ] DEBUG Engine               - fontMono: TerminalLandMono-Regular.otf
21:51:57.664 [FXGL Background Thread 3 ] DEBUG Engine               - fontSizeScaleUI: 1.0
21:51:57.664 [FXGL Background Thread 3 ] DEBUG Engine               - fontText: Courier-Prime.ttf
21:51:57.664 [FXGL Background Thread 3 ] DEBUG Engine               - fontUI: VarelaRound-Regular.ttf
21:51:57.664 [FXGL Background Thread 3 ] DEBUG Engine               - fpsRefreshRate: 500.0 ms
21:51:57.664 [FXGL Background Thread 3 ] DEBUG Engine               - fullScreen: BooleanProperty [value: false]
21:51:57.664 [FXGL Background Thread 3 ] DEBUG Engine               - gameDifficulty: MEDIUM
21:51:57.664 [FXGL Background Thread 3 ] DEBUG Engine               - gameDifficultyProperty: ObjectProperty [value: MEDIUM]
21:51:57.664 [FXGL Background Thread 3 ] DEBUG Engine               - globalMusicVolume: 0.5
21:51:57.664 [FXGL Background Thread 3 ] DEBUG Engine               - globalMusicVolumeProperty: DoubleProperty [value: 0.5]
21:51:57.664 [FXGL Background Thread 3 ] DEBUG Engine               - globalSoundVolume: 0.5
21:51:57.664 [FXGL Background Thread 3 ] DEBUG Engine               - globalSoundVolumeProperty: DoubleProperty [value: 0.5]
21:51:57.664 [FXGL Background Thread 3 ] DEBUG Engine               - height: 800
21:51:57.664 [FXGL Background Thread 3 ] DEBUG Engine               - is3D: false
21:51:57.664 [FXGL Background Thread 3 ] DEBUG Engine               - isAndroid: false
21:51:57.664 [FXGL Background Thread 3 ] DEBUG Engine               - isBrowser: false
21:51:57.664 [FXGL Background Thread 3 ] DEBUG Engine               - isClickFeedbackEnabled: false
21:51:57.664 [FXGL Background Thread 3 ] DEBUG Engine               - isCloseConfirmation: false
21:51:57.664 [FXGL Background Thread 3 ] DEBUG Engine               - isDesktop: true
21:51:57.664 [FXGL Background Thread 3 ] DEBUG Engine               - isDeveloperMenuEnabled: false
21:51:57.664 [FXGL Background Thread 3 ] DEBUG Engine               - isEmbedded: false
21:51:57.664 [FXGL Background Thread 3 ] DEBUG Engine               - isEntityPreloadEnabled: true
21:51:57.664 [FXGL Background Thread 3 ] DEBUG Engine               - isExperimentalTiledLargeMap: false
21:51:57.664 [FXGL Background Thread 3 ] DEBUG Engine               - isFileSystemWriteAllowed: true
21:51:57.664 [FXGL Background Thread 3 ] DEBUG Engine               - isFullScreenAllowed: false
21:51:57.664 [FXGL Background Thread 3 ] DEBUG Engine               - isFullScreenFromStart: false
21:51:57.666 [FXGL Background Thread 3 ] DEBUG Engine               - isGameMenuEnabled: true
21:51:57.666 [FXGL Background Thread 3 ] DEBUG Engine               - isIOS: false
21:51:57.666 [FXGL Background Thread 3 ] DEBUG Engine               - isIntroEnabled: false
21:51:57.666 [FXGL Background Thread 3 ] DEBUG Engine               - isLinux: false
21:51:57.666 [FXGL Background Thread 3 ] DEBUG Engine               - isMac: false
21:51:57.666 [FXGL Background Thread 3 ] DEBUG Engine               - isMainMenuEnabled: false
21:51:57.666 [FXGL Background Thread 3 ] DEBUG Engine               - isManualResizeEnabled: false
21:51:57.666 [FXGL Background Thread 3 ] DEBUG Engine               - isMobile: false
21:51:57.666 [FXGL Background Thread 3 ] DEBUG Engine               - isNative: false
21:51:57.666 [FXGL Background Thread 3 ] DEBUG Engine               - isPauseMusicWhenMinimized: true
21:51:57.666 [FXGL Background Thread 3 ] DEBUG Engine               - isPreserveResizeRatio: false
21:51:57.666 [FXGL Background Thread 3 ] DEBUG Engine               - isProfilingEnabled: false
21:51:57.666 [FXGL Background Thread 3 ] DEBUG Engine               - isScaleAffectedOnResize: true
21:51:57.666 [FXGL Background Thread 3 ] DEBUG Engine               - isSingleStep: false
21:51:57.666 [FXGL Background Thread 3 ] DEBUG Engine               - isUserProfileEnabled: false
21:51:57.666 [FXGL Background Thread 3 ] DEBUG Engine               - isWindows: true
21:51:57.667 [FXGL Background Thread 3 ] DEBUG Engine               - language: ObjectProperty [value: ENGLISH]
21:51:57.667 [FXGL Background Thread 3 ] DEBUG Engine               - menuKey: ESCAPE
21:51:57.667 [FXGL Background Thread 3 ] DEBUG Engine               - mouseSensitivity: 0.2
21:51:57.667 [FXGL Background Thread 3 ] DEBUG Engine               - notificationViewClass: class com.almasb.fxgl.notification.view.XboxNotificationView
21:51:57.667 [FXGL Background Thread 3 ] DEBUG Engine               - pixelsPerMeter: 50.0
21:51:57.667 [FXGL Background Thread 3 ] DEBUG Engine               - platform: WINDOWS
21:51:57.667 [FXGL Background Thread 3 ] DEBUG Engine               - prefHeightProperty: ReadOnlyDoubleProperty [value: 800.0]
21:51:57.667 [FXGL Background Thread 3 ] DEBUG Engine               - prefWidthProperty: ReadOnlyDoubleProperty [value: 800.0]
21:51:57.667 [FXGL Background Thread 3 ] DEBUG Engine               - profileDir: profiles/
21:51:57.667 [FXGL Background Thread 3 ] DEBUG Engine               - profileName: StringProperty [value: DEFAULT]
21:51:57.667 [FXGL Background Thread 3 ] DEBUG Engine               - randomSeed: -1
21:51:57.667 [FXGL Background Thread 3 ] DEBUG Engine               - runtimeInfo: RuntimeInfo(platform=WINDOWS, version=25, build=05.02.2026 22.57)
21:51:57.667 [FXGL Background Thread 3 ] DEBUG Engine               - saveFileExt: sav
21:51:57.667 [FXGL Background Thread 3 ] DEBUG Engine               - scaledHeightProp$fxgl: DoubleProperty [bound, value: 800.0]
21:51:57.667 [FXGL Background Thread 3 ] DEBUG Engine               - scaledWidthProp$fxgl: DoubleProperty [bound, value: 800.0]
21:51:57.667 [FXGL Background Thread 3 ] DEBUG Engine               - sceneFactory: com.almasb.fxgl.app.scene.SceneFactory@7777b8a9
21:51:57.667 [FXGL Background Thread 3 ] DEBUG Engine               - secondsIn24h: 60
21:51:57.667 [FXGL Background Thread 3 ] DEBUG Engine               - soundMenuBack: menu/back.wav
21:51:57.667 [FXGL Background Thread 3 ] DEBUG Engine               - soundMenuPress: menu/press.wav
21:51:57.667 [FXGL Background Thread 3 ] DEBUG Engine               - soundMenuSelect: menu/select.wav
21:51:57.667 [FXGL Background Thread 3 ] DEBUG Engine               - soundNotification: core/notification.wav
21:51:57.667 [FXGL Background Thread 3 ] DEBUG Engine               - stageStyle: DECORATED
21:51:57.667 [FXGL Background Thread 3 ] DEBUG Engine               - supportedLanguages: [ENGLISH, FRENCH, GERMAN, HUNGARIAN, RUSSIAN]
21:51:57.667 [FXGL Background Thread 3 ] DEBUG Engine               - ticksPerSecond: -1
21:51:57.667 [FXGL Background Thread 3 ] DEBUG Engine               - title: Breakout - LBYCPOB OOP Sample
21:51:57.667 [FXGL Background Thread 3 ] DEBUG Engine               - urlGithub: https://github.com/AlmasB/FXGL
21:51:57.667 [FXGL Background Thread 3 ] DEBUG Engine               - urlLeaderboard: http://fxgl-top.herokuapp.com/
21:51:57.667 [FXGL Background Thread 3 ] DEBUG Engine               - urlPOM: https://raw.githubusercontent.com/AlmasB/FXGL/release/README.md
21:51:57.667 [FXGL Background Thread 3 ] DEBUG Engine               - userAppClass: class ph.edu.dlsu.lbycpob.breakoutfxgl.app.BreakoutApp
21:51:57.667 [FXGL Background Thread 3 ] DEBUG Engine               - version: 3.0
21:51:57.667 [FXGL Background Thread 3 ] DEBUG Engine               - versionCheckDays: 7
21:51:57.667 [FXGL Background Thread 3 ] DEBUG Engine               - width: 800
21:51:57.667 [FXGL Background Thread 3 ] DEBUG Engine               - Logging services
21:51:57.667 [FXGL Background Thread 3 ] DEBUG Engine               - class com.almasb.fxgl.app.services.FXGLAssetLoaderService
21:51:57.667 [FXGL Background Thread 3 ] DEBUG Engine               - class com.almasb.fxgl.app.FXGLApplication$GameApplicationService
21:51:57.667 [FXGL Background Thread 3 ] DEBUG Engine               - class com.almasb.fxgl.app.services.FXGLDialogService
21:51:57.667 [FXGL Background Thread 3 ] DEBUG Engine               - class com.almasb.fxgl.app.services.IOTaskExecutorService
21:51:57.667 [FXGL Background Thread 3 ] DEBUG Engine               - class com.almasb.fxgl.io.FileSystemService
21:51:57.667 [FXGL Background Thread 3 ] DEBUG Engine               - class com.almasb.fxgl.localization.LocalizationService
21:51:57.667 [FXGL Background Thread 3 ] DEBUG Engine               - class com.almasb.fxgl.app.services.SystemBundleService
21:51:57.667 [FXGL Background Thread 3 ] DEBUG Engine               - class com.almasb.fxgl.profile.SaveLoadService
21:51:57.667 [FXGL Background Thread 3 ] DEBUG Engine               - class com.almasb.fxgl.ui.FXGLUIFactoryServiceProvider
21:51:57.667 [FXGL Background Thread 3 ] DEBUG Engine               - class com.almasb.fxgl.ui.FXGLDialogFactoryServiceProvider
21:51:57.667 [FXGL Background Thread 3 ] DEBUG Engine               - class com.almasb.fxgl.audio.AudioPlayer
21:51:57.668 [FXGL Background Thread 3 ] DEBUG Engine               - class com.almasb.fxgl.notification.impl.NotificationServiceProvider
21:51:57.668 [FXGL Background Thread 3 ] DEBUG Engine               - class com.almasb.fxgl.achievement.AchievementService
21:51:57.668 [FXGL Background Thread 3 ] DEBUG Engine               - class com.almasb.fxgl.cutscene.CutsceneService
21:51:57.668 [FXGL Background Thread 3 ] DEBUG Engine               - class com.almasb.fxgl.minigames.MiniGameService
21:51:57.668 [FXGL Background Thread 3 ] DEBUG Engine               - class com.almasb.fxgl.net.NetService
21:51:57.668 [FXGL Background Thread 3 ] DEBUG Engine               - class com.almasb.fxgl.app.services.UpdaterService
21:51:57.668 [FXGL Background Thread 3 ] DEBUG Engine               - class com.almasb.fxgl.dev.DevService
21:52:31.440 [JavaFX Application Thread] DEBUG FXGLApplication      - Exiting FXGL
21:52:31.440 [JavaFX Application Thread] DEBUG LoopRunner           - Stopping loop
21:52:31.441 [JavaFX Application Thread] DEBUG SystemBundleService  - Saving FXGL system data
21:52:31.443 [JavaFX Application Thread] DEBUG FileSystemAccess     - Writing to: C:\Users\nshpa\Desktop\BreakoutFXGL\system\fxgl.bundle
21:52:31.443 [JavaFX Application Thread] DEBUG Async                - Shutting down background threads
21:52:31.444 [JavaFX Application Thread] DEBUG PrimaryStageWindow   - Closing main window
21:52:31.458 [JavaFX Application Thread] DEBUG Logger               - Closing Logger
