02:53:21.671 [main                     ] DEBUG Logger               - Configured Logger
02:53:21.676 [main                     ] DEBUG GameApplication      - Logging settings
Title: Breakout - LBYCPOB OOP Sample
Version: 3.0
Width: 800
Height: 800
Fullscreen: false
Intro: false
Profiling: false
Single step:false
App Mode: DEVELOPER
Menu Key: ESCAPE
Stage Style: DECORATED
Scene Factory: class com.almasb.fxgl.app.scene.SceneFactory

02:53:27.404 [JavaFX Application Thread] DEBUG FXGLApplication      - Initializing FXGL
02:53:27.406 [JavaFX Application Thread] INFO  Engine               - FXGL-25 (05.02.2026 22.57) on WINDOWS (J:25.0.3 FX:25.0.1)
02:53:27.407 [JavaFX Application Thread] DEBUG Engine               - JRE Vendor Name: Oracle Corporation
02:53:27.407 [JavaFX Application Thread] DEBUG Engine               - Running on OS: Windows 11 version 10.0
02:53:27.407 [JavaFX Application Thread] DEBUG Engine               - Architecture: amd64
02:53:27.407 [JavaFX Application Thread] INFO  Engine               - Source code and latest versions at: https://github.com/AlmasB/FXGL
02:53:27.407 [JavaFX Application Thread] INFO  Engine               -       Ask questions and discuss at: https://github.com/AlmasB/FXGL/discussions
02:53:27.501 [JavaFX Application Thread] DEBUG PrimaryStageWindow   - Creating a JavaFX scene
02:53:27.559 [JavaFX Application Thread] DEBUG PrimaryStageWindow   - Target settings size: 800.0 x 800.0
02:53:27.559 [JavaFX Application Thread] DEBUG PrimaryStageWindow   - Scaled scene size:    800.0 x 800.0
02:53:27.560 [JavaFX Application Thread] DEBUG PrimaryStageWindow   - Scaled ratio: (1.0, 1.0)
02:53:27.561 [JavaFX Application Thread] DEBUG PrimaryStageWindow   - Set initial scene to FXGLStartupScene
02:53:27.571 [JavaFX Application Thread] DEBUG PrimaryStageWindow   - Opening main window
02:53:27.880 [JavaFX Application Thread] DEBUG PrimaryStageWindow   - Window border size: (14.4000244140625, 37.5999755859375)
02:53:27.881 [JavaFX Application Thread] DEBUG PrimaryStageWindow   - Scaled size: 800.0 x 800.0
02:53:27.882 [JavaFX Application Thread] DEBUG PrimaryStageWindow   - Scaled ratio: (1.0, 1.0)
02:53:27.882 [JavaFX Application Thread] DEBUG PrimaryStageWindow   - Scene size: 800.0 x 800.0
02:53:27.883 [JavaFX Application Thread] DEBUG PrimaryStageWindow   - Stage size: 814.4000244140625 x 837.5999755859375
02:53:27.925 [FXGL Background Thread 1 ] DEBUG Engine               - Initializing environment variables
02:53:28.149 [FXGL Background Thread 1 ] DEBUG FXGLAssetLoaderServi - User app class for loading assets: class ph.edu.dlsu.lbycpob.breakoutfxgl.app.BreakoutApp
02:53:28.150 [FXGL Background Thread 1 ] DEBUG GameApplicationServi - Applying CSS: fxgl_dark.css
02:53:28.152 [FXGL Background Thread 1 ] DEBUG FXGLAssetLoaderServi - Loading from file system: jar:file:/C:/Users/Joshua/.m2/repository/com/github/almasb/fxgl/25/fxgl-25.jar!/fxglassets/ui/css/fxgl_dark.css
02:53:28.372 [FXGL Background Thread 1 ] DEBUG GameApplicationServi - Initializing application scenes
02:53:28.514 [FXGL Background Thread 1 ] DEBUG GameWorld            - Game world initialized
02:53:28.691 [FXGL Background Thread 1 ] DEBUG PhysicsWorld         - Physics world initialized: appHeight=800, physics.ppm=50.0
02:53:28.693 [FXGL Background Thread 1 ] DEBUG PhysicsWorld         - Using strategy: BRUTE_FORCE
02:53:28.708 [FXGL Background Thread 1 ] DEBUG GameScene            - Game scene initialized: 800x800
02:53:28.751 [FXGL Background Thread 1 ] DEBUG FXGL.DefaultMenu     - createMenuBodyGameMenu()
02:53:28.801 [FXGL Background Thread 1 ] DEBUG FXGL.DefaultMenu     - createOptionsMenu()
02:53:28.850 [FXGL Background Thread 1 ] DEBUG FXGLAssetLoaderServi - Loading from file system: jar:file:/C:/Users/Joshua/.m2/repository/com/github/almasb/fxgl/25/fxgl-25.jar!/fxglassets/textures/particles/smoke.png
02:53:29.137 [FXGL Background Thread 1 ] DEBUG FXGLAssetLoaderServi - Loading from file system: jar:file:/C:/Users/Joshua/.m2/repository/com/github/almasb/fxgl/25/fxgl-25.jar!/fxglassets/textures/particles/trace_horizontal.png
02:53:29.222 [FXGL Background Thread 1 ] DEBUG GameApplicationServi - Application scenes initialized
02:53:29.267 [FXGL Background Thread 1 ] DEBUG SystemBundleService  - Loading FXGL system data
02:53:29.270 [FXGL Background Thread 1 ] DEBUG FileSystemAccess     - Reading from: C:\Users\Joshua\Downloads\JAVA FILES\Abstracth\BreakoutFXGL\system\fxgl.bundle
02:53:29.277 [FXGL Background Thread 1 ] DEBUG SystemBundleService  - Bundle FXGL: {}
02:53:29.278 [FXGL Background Thread 1 ] DEBUG UpdaterService       - Checking for updates
02:53:29.296 [FXGL Background Thread 4 ] DEBUG FXGLApplication      - Loading fonts
02:53:29.312 [FXGL Background Thread 1 ] DEBUG FXGLApplication      - Loading default localization
02:53:29.311 [FXGL Background Thread 4 ] DEBUG FXGLAssetLoaderServi - Loading from file system: jar:file:/C:/Users/Joshua/.m2/repository/com/github/almasb/fxgl/25/fxgl-25.jar!/fxglassets/ui/fonts/VarelaRound-Regular.ttf
02:53:29.322 [FXGL Background Thread 1 ] DEBUG FXGLAssetLoaderServi - Loading from file system: jar:file:/C:/Users/Joshua/.m2/repository/com/github/almasb/fxgl/25/fxgl-25.jar!/fxglassets/languages/english.lang
02:53:29.380 [FXGL Background Thread 4 ] DEBUG FXGLAssetLoaderServi - Loading from file system: jar:file:/C:/Users/Joshua/.m2/repository/com/github/almasb/fxgl/25/fxgl-25.jar!/fxglassets/ui/fonts/Abel-Regular.ttf
02:53:29.404 [FXGL Background Thread 4 ] DEBUG FXGLAssetLoaderServi - Loading from file system: jar:file:/C:/Users/Joshua/.m2/repository/com/github/almasb/fxgl/25/fxgl-25.jar!/fxglassets/ui/fonts/TerminalLandMono-Regular.otf
02:53:29.420 [FXGL Background Thread 4 ] DEBUG FXGLAssetLoaderServi - Loading from file system: jar:file:/C:/Users/Joshua/.m2/repository/com/github/almasb/fxgl/25/fxgl-25.jar!/fxglassets/ui/fonts/Courier-Prime.ttf
02:53:29.469 [FXGL Background Thread 1 ] INFO  FXGLApplication      - FXGL initialization took: 1.542 sec
02:53:29.474 [JavaFX Application Thread] DEBUG FXGLApplication      - Registering font factories with UI factory
02:53:29.559 [JavaFX Application Thread] DEBUG Input                - Registered new binding: Move Left - Left
02:53:29.561 [JavaFX Application Thread] DEBUG Input                - Registered new binding: Move Right - Right
02:53:29.561 [JavaFX Application Thread] DEBUG Input                - Registered new binding: Move Left A - A
02:53:29.561 [JavaFX Application Thread] DEBUG Input                - Registered new binding: Move Right D - D
02:53:29.561 [JavaFX Application Thread] DEBUG Input                - Registered new binding: Restart Game - R
02:53:29.562 [JavaFX Application Thread] DEBUG Input                - Registered new binding: Toggle Mute - M
02:53:29.563 [JavaFX Application Thread] DEBUG FXGLAssetLoaderServi - Loading from file system: jar:file:/C:/Users/Joshua/.m2/repository/com/github/almasb/fxgl/25/fxgl-25.jar!/fxglassets/textures/fxgl_icon.png
02:53:29.655 [JavaFX Application Thread] DEBUG FXGLAssetLoaderServi - Loading from file system: jar:file:/C:/Users/Joshua/.m2/repository/com/github/almasb/fxgl/25/fxgl-25.jar!/fxglassets/textures/fxgl_default_cursor.png
02:53:29.663 [JavaFX Application Thread] DEBUG Input                - Registered new binding: Screenshot - CTRL+8
02:53:29.664 [JavaFX Application Thread] DEBUG Input                - Registered new binding: System info dump - CTRL+9
02:53:29.668 [JavaFX Application Thread] DEBUG Input                - Registered new binding: Restart - CTRL+R
02:53:29.672 [JavaFX Application Thread] DEBUG Input                - Registered new binding: Toggle Debug Camera - CTRL+7
02:53:29.686 [JavaFX Application Thread] DEBUG LoopRunner           - Starting loop
02:53:29.687 [JavaFX Application Thread] DEBUG LoopRunner           - Initializing JavaFX AnimationTimerLoop
02:53:29.694 [JavaFX Application Thread] DEBUG GameApplicationServi - Starting new game
02:53:29.695 [JavaFX Application Thread] DEBUG Input                - Clearing active input actions
02:53:29.749 [JavaFX Application Thread] DEBUG GameApplicationServi - Removing overlay from FXGLStartupScene and adding to FXGLLoadingScene
02:53:29.751 [JavaFX Application Thread] DEBUG PrimaryStageWindow   - FXGLStartupScene -> FXGLLoadingScene
02:53:29.752 [JavaFX Application Thread] DEBUG GameApplicationServi - Clearing previous game
02:53:29.752 [JavaFX Application Thread] DEBUG GameScene            - Clearing game scene
02:53:29.752 [JavaFX Application Thread] DEBUG GameWorld            - Clearing game world
02:53:29.753 [JavaFX Application Thread] DEBUG PhysicsWorld         - Clearing physics world
02:53:29.757 [FXGL Background Thread 4 ] DEBUG FXGLApplication      - Initializing game
02:53:31.878 [JavaFX Application Thread] DEBUG LoopRunner           - Pausing loop
02:53:32.295 [FXGL Background Thread 3 ] DEBUG Engine               - Logging environment variables
02:53:32.295 [FXGL Background Thread 3 ] DEBUG Engine               - achievements: []
02:53:32.295 [FXGL Background Thread 3 ] DEBUG Engine               - actualHeight: 800.0
02:53:32.296 [FXGL Background Thread 3 ] DEBUG Engine               - actualHeightProperty: ReadOnlyDoubleProperty [value: 800.0]
02:53:32.296 [FXGL Background Thread 3 ] DEBUG Engine               - actualWidth: 800.0
02:53:32.296 [FXGL Background Thread 3 ] DEBUG Engine               - actualWidthProperty: ReadOnlyDoubleProperty [value: 800.0]
02:53:32.296 [FXGL Background Thread 3 ] DEBUG Engine               - appIcon: fxgl_icon.png
02:53:32.296 [FXGL Background Thread 3 ] DEBUG Engine               - applicationMode: DEVELOPER
02:53:32.296 [FXGL Background Thread 3 ] DEBUG Engine               - cSSList: [fxgl_dark.css]
02:53:32.296 [FXGL Background Thread 3 ] DEBUG Engine               - collisionDetectionStrategy: BRUTE_FORCE
02:53:32.296 [FXGL Background Thread 3 ] DEBUG Engine               - configClass: Optional.empty
02:53:32.296 [FXGL Background Thread 3 ] DEBUG Engine               - credits: []
02:53:32.296 [FXGL Background Thread 3 ] DEBUG Engine               - defaultCursor: CursorInfo(imageName=fxgl_default_cursor.png, hotspotX=7.0, hotspotY=6.0)
02:53:32.297 [FXGL Background Thread 3 ] DEBUG Engine               - devBBoxColorProperty: ObjectProperty [value: 0xff0000ff]
02:53:32.297 [FXGL Background Thread 3 ] DEBUG Engine               - devEnableDebugCameraProperty: BooleanProperty [value: false]
02:53:32.297 [FXGL Background Thread 3 ] DEBUG Engine               - devSensorColorProperty: ObjectProperty [value: 0xffff00ff]
02:53:32.297 [FXGL Background Thread 3 ] DEBUG Engine               - devShowBBoxProperty: BooleanProperty [value: false]
02:53:32.297 [FXGL Background Thread 3 ] DEBUG Engine               - devShowPositionProperty: BooleanProperty [value: false]
02:53:32.297 [FXGL Background Thread 3 ] DEBUG Engine               - enabledMenuItems: []
02:53:32.298 [FXGL Background Thread 3 ] DEBUG Engine               - engineServices: [class com.almasb.fxgl.app.services.FXGLAssetLoaderService, class com.almasb.fxgl.app.FXGLApplication$GameApplicationService, class com.almasb.fxgl.app.services.FXGLDialogService, class com.almasb.fxgl.app.services.IOTaskExecutorService, class com.almasb.fxgl.io.FileSystemService, class com.almasb.fxgl.localization.LocalizationService, class com.almasb.fxgl.app.services.SystemBundleService, class com.almasb.fxgl.profile.SaveLoadService, class com.almasb.fxgl.ui.FXGLUIFactoryServiceProvider, class com.almasb.fxgl.ui.FXGLDialogFactoryServiceProvider, class com.almasb.fxgl.audio.AudioPlayer, class com.almasb.fxgl.notification.impl.NotificationServiceProvider, class com.almasb.fxgl.achievement.AchievementService, class com.almasb.fxgl.cutscene.CutsceneService, class com.almasb.fxgl.minigames.MiniGameService, class com.almasb.fxgl.net.NetService, class com.almasb.fxgl.app.services.UpdaterService, class com.almasb.fxgl.dev.DevService]
02:53:32.298 [FXGL Background Thread 3 ] DEBUG Engine               - fontGame: Abel-Regular.ttf
02:53:32.298 [FXGL Background Thread 3 ] DEBUG Engine               - fontMono: TerminalLandMono-Regular.otf
02:53:32.298 [FXGL Background Thread 3 ] DEBUG Engine               - fontSizeScaleUI: 1.0
02:53:32.298 [FXGL Background Thread 3 ] DEBUG Engine               - fontText: Courier-Prime.ttf
02:53:32.298 [FXGL Background Thread 3 ] DEBUG Engine               - fontUI: VarelaRound-Regular.ttf
02:53:32.299 [FXGL Background Thread 3 ] DEBUG Engine               - fpsRefreshRate: 500.0 ms
02:53:32.299 [FXGL Background Thread 3 ] DEBUG Engine               - fullScreen: BooleanProperty [value: false]
02:53:32.299 [FXGL Background Thread 3 ] DEBUG Engine               - gameDifficulty: MEDIUM
02:53:32.299 [FXGL Background Thread 3 ] DEBUG Engine               - gameDifficultyProperty: ObjectProperty [value: MEDIUM]
02:53:32.299 [FXGL Background Thread 3 ] DEBUG Engine               - globalMusicVolume: 0.5
02:53:32.299 [FXGL Background Thread 3 ] DEBUG Engine               - globalMusicVolumeProperty: DoubleProperty [value: 0.5]
02:53:32.299 [FXGL Background Thread 3 ] DEBUG Engine               - globalSoundVolume: 0.5
02:53:32.300 [FXGL Background Thread 3 ] DEBUG Engine               - globalSoundVolumeProperty: DoubleProperty [value: 0.5]
02:53:32.300 [FXGL Background Thread 3 ] DEBUG Engine               - height: 800
02:53:32.300 [FXGL Background Thread 3 ] DEBUG Engine               - is3D: false
02:53:32.300 [FXGL Background Thread 3 ] DEBUG Engine               - isAndroid: false
02:53:32.300 [FXGL Background Thread 3 ] DEBUG Engine               - isBrowser: false
02:53:32.300 [FXGL Background Thread 3 ] DEBUG Engine               - isClickFeedbackEnabled: false
02:53:32.302 [FXGL Background Thread 3 ] DEBUG Engine               - isCloseConfirmation: false
02:53:32.302 [FXGL Background Thread 3 ] DEBUG Engine               - isDesktop: true
02:53:32.302 [FXGL Background Thread 3 ] DEBUG Engine               - isDeveloperMenuEnabled: false
02:53:32.302 [FXGL Background Thread 3 ] DEBUG Engine               - isEmbedded: false
02:53:32.302 [FXGL Background Thread 3 ] DEBUG Engine               - isEntityPreloadEnabled: true
02:53:32.302 [FXGL Background Thread 3 ] DEBUG Engine               - isExperimentalTiledLargeMap: false
02:53:32.303 [FXGL Background Thread 3 ] DEBUG Engine               - isFileSystemWriteAllowed: true
02:53:32.303 [FXGL Background Thread 3 ] DEBUG Engine               - isFullScreenAllowed: false
02:53:32.303 [FXGL Background Thread 3 ] DEBUG Engine               - isFullScreenFromStart: false
02:53:32.303 [FXGL Background Thread 3 ] DEBUG Engine               - isGameMenuEnabled: true
02:53:32.303 [FXGL Background Thread 3 ] DEBUG Engine               - isIOS: false
02:53:32.305 [FXGL Background Thread 3 ] DEBUG Engine               - isIntroEnabled: false
02:53:32.306 [FXGL Background Thread 3 ] DEBUG Engine               - isLinux: false
02:53:32.306 [FXGL Background Thread 3 ] DEBUG Engine               - isMac: false
02:53:32.306 [FXGL Background Thread 3 ] DEBUG Engine               - isMainMenuEnabled: false
02:53:32.307 [FXGL Background Thread 3 ] DEBUG Engine               - isManualResizeEnabled: false
02:53:32.307 [FXGL Background Thread 3 ] DEBUG Engine               - isMobile: false
02:53:32.307 [FXGL Background Thread 3 ] DEBUG Engine               - isNative: false
02:53:32.307 [FXGL Background Thread 3 ] DEBUG Engine               - isPauseMusicWhenMinimized: true
02:53:32.307 [FXGL Background Thread 3 ] DEBUG Engine               - isPreserveResizeRatio: false
02:53:32.307 [FXGL Background Thread 3 ] DEBUG Engine               - isProfilingEnabled: false
02:53:32.309 [FXGL Background Thread 3 ] DEBUG Engine               - isScaleAffectedOnResize: true
02:53:32.309 [FXGL Background Thread 3 ] DEBUG Engine               - isSingleStep: false
02:53:32.309 [FXGL Background Thread 3 ] DEBUG Engine               - isUserProfileEnabled: false
02:53:32.309 [FXGL Background Thread 3 ] DEBUG Engine               - isWindows: true
02:53:32.309 [FXGL Background Thread 3 ] DEBUG Engine               - language: ObjectProperty [value: ENGLISH]
02:53:32.309 [FXGL Background Thread 3 ] DEBUG Engine               - menuKey: ESCAPE
02:53:32.309 [FXGL Background Thread 3 ] DEBUG Engine               - mouseSensitivity: 0.2
02:53:32.310 [FXGL Background Thread 3 ] DEBUG Engine               - notificationViewClass: class com.almasb.fxgl.notification.view.XboxNotificationView
02:53:32.310 [FXGL Background Thread 3 ] DEBUG Engine               - pixelsPerMeter: 50.0
02:53:32.310 [FXGL Background Thread 3 ] DEBUG Engine               - platform: WINDOWS
02:53:32.311 [FXGL Background Thread 3 ] DEBUG Engine               - prefHeightProperty: ReadOnlyDoubleProperty [value: 800.0]
02:53:32.312 [FXGL Background Thread 3 ] DEBUG Engine               - prefWidthProperty: ReadOnlyDoubleProperty [value: 800.0]
02:53:32.312 [FXGL Background Thread 3 ] DEBUG Engine               - profileDir: profiles/
02:53:32.312 [FXGL Background Thread 3 ] DEBUG Engine               - profileName: StringProperty [value: DEFAULT]
02:53:32.312 [FXGL Background Thread 3 ] DEBUG Engine               - randomSeed: -1
02:53:32.314 [FXGL Background Thread 3 ] DEBUG Engine               - runtimeInfo: RuntimeInfo(platform=WINDOWS, version=25, build=05.02.2026 22.57)
02:53:32.314 [FXGL Background Thread 3 ] DEBUG Engine               - saveFileExt: sav
02:53:32.314 [FXGL Background Thread 3 ] DEBUG Engine               - scaledHeightProp$fxgl: DoubleProperty [bound, value: 800.0]
02:53:32.316 [FXGL Background Thread 3 ] DEBUG Engine               - scaledWidthProp$fxgl: DoubleProperty [bound, value: 800.0]
02:53:32.317 [FXGL Background Thread 3 ] DEBUG Engine               - sceneFactory: com.almasb.fxgl.app.scene.SceneFactory@7be189c6
02:53:32.318 [FXGL Background Thread 3 ] DEBUG Engine               - secondsIn24h: 60
02:53:32.318 [FXGL Background Thread 3 ] DEBUG Engine               - soundMenuBack: menu/back.wav
02:53:32.319 [FXGL Background Thread 3 ] DEBUG Engine               - soundMenuPress: menu/press.wav
02:53:32.320 [FXGL Background Thread 3 ] DEBUG Engine               - soundMenuSelect: menu/select.wav
02:53:32.320 [FXGL Background Thread 3 ] DEBUG Engine               - soundNotification: core/notification.wav
02:53:32.320 [FXGL Background Thread 3 ] DEBUG Engine               - stageStyle: DECORATED
02:53:32.321 [FXGL Background Thread 3 ] DEBUG Engine               - supportedLanguages: [ENGLISH, FRENCH, GERMAN, HUNGARIAN, RUSSIAN]
02:53:32.321 [FXGL Background Thread 3 ] DEBUG Engine               - ticksPerSecond: -1
02:53:32.322 [FXGL Background Thread 3 ] DEBUG Engine               - title: Breakout - LBYCPOB OOP Sample
02:53:32.322 [FXGL Background Thread 3 ] DEBUG Engine               - urlGithub: https://github.com/AlmasB/FXGL
02:53:32.322 [FXGL Background Thread 3 ] DEBUG Engine               - urlLeaderboard: http://fxgl-top.herokuapp.com/
02:53:32.323 [FXGL Background Thread 3 ] DEBUG Engine               - urlPOM: https://raw.githubusercontent.com/AlmasB/FXGL/release/README.md
02:53:32.323 [FXGL Background Thread 3 ] DEBUG Engine               - userAppClass: class ph.edu.dlsu.lbycpob.breakoutfxgl.app.BreakoutApp
02:53:32.324 [FXGL Background Thread 3 ] DEBUG Engine               - version: 3.0
02:53:32.324 [FXGL Background Thread 3 ] DEBUG Engine               - versionCheckDays: 7
02:53:32.324 [FXGL Background Thread 3 ] DEBUG Engine               - width: 800
02:53:32.324 [FXGL Background Thread 3 ] DEBUG Engine               - Logging services
02:53:32.324 [FXGL Background Thread 3 ] DEBUG Engine               - class com.almasb.fxgl.app.services.FXGLAssetLoaderService
02:53:32.324 [FXGL Background Thread 3 ] DEBUG Engine               - class com.almasb.fxgl.app.FXGLApplication$GameApplicationService
02:53:32.326 [FXGL Background Thread 3 ] DEBUG Engine               - class com.almasb.fxgl.app.services.FXGLDialogService
02:53:32.326 [FXGL Background Thread 3 ] DEBUG Engine               - class com.almasb.fxgl.app.services.IOTaskExecutorService
02:53:32.327 [FXGL Background Thread 3 ] DEBUG Engine               - class com.almasb.fxgl.io.FileSystemService
02:53:32.327 [FXGL Background Thread 3 ] DEBUG Engine               - class com.almasb.fxgl.localization.LocalizationService
02:53:32.327 [FXGL Background Thread 3 ] DEBUG Engine               - class com.almasb.fxgl.app.services.SystemBundleService
02:53:32.328 [FXGL Background Thread 3 ] DEBUG Engine               - class com.almasb.fxgl.profile.SaveLoadService
02:53:32.328 [FXGL Background Thread 3 ] DEBUG Engine               - class com.almasb.fxgl.ui.FXGLUIFactoryServiceProvider
02:53:32.328 [FXGL Background Thread 3 ] DEBUG Engine               - class com.almasb.fxgl.ui.FXGLDialogFactoryServiceProvider
02:53:32.328 [FXGL Background Thread 3 ] DEBUG Engine               - class com.almasb.fxgl.audio.AudioPlayer
02:53:32.328 [FXGL Background Thread 3 ] DEBUG Engine               - class com.almasb.fxgl.notification.impl.NotificationServiceProvider
02:53:32.328 [FXGL Background Thread 3 ] DEBUG Engine               - class com.almasb.fxgl.achievement.AchievementService
02:53:32.328 [FXGL Background Thread 3 ] DEBUG Engine               - class com.almasb.fxgl.cutscene.CutsceneService
02:53:32.328 [FXGL Background Thread 3 ] DEBUG Engine               - class com.almasb.fxgl.minigames.MiniGameService
02:53:32.328 [FXGL Background Thread 3 ] DEBUG Engine               - class com.almasb.fxgl.net.NetService
02:53:32.328 [FXGL Background Thread 3 ] DEBUG Engine               - class com.almasb.fxgl.app.services.UpdaterService
02:53:32.329 [FXGL Background Thread 3 ] DEBUG Engine               - class com.almasb.fxgl.dev.DevService
02:53:33.067 [JavaFX Application Thread] DEBUG LoopRunner           - Resuming loop
02:53:33.233 [FXGL Background Thread 4 ] INFO  FXGLApplication      - Game initialization took: 3.475 sec
02:53:33.233 [JavaFX Application Thread] DEBUG Input                - Clearing active input actions
02:53:33.239 [JavaFX Application Thread] DEBUG GameApplicationServi - Removing overlay from FXGLLoadingScene and adding to GameScene
02:53:33.240 [JavaFX Application Thread] DEBUG PrimaryStageWindow   - FXGLLoadingScene -> GameScene
02:54:18.739 [JavaFX Application Thread] DEBUG FXGLApplication      - Exiting FXGL
02:54:18.739 [JavaFX Application Thread] DEBUG LoopRunner           - Stopping loop
02:54:18.739 [JavaFX Application Thread] DEBUG SystemBundleService  - Saving FXGL system data
02:54:18.741 [JavaFX Application Thread] DEBUG FileSystemAccess     - Writing to: C:\Users\Joshua\Downloads\JAVA FILES\Abstracth\BreakoutFXGL\system\fxgl.bundle
02:54:18.742 [JavaFX Application Thread] DEBUG Async                - Shutting down background threads
02:54:18.742 [JavaFX Application Thread] DEBUG PrimaryStageWindow   - Closing main window
02:54:18.763 [JavaFX Application Thread] DEBUG Logger               - Closing Logger
