22:37:04.017 [main                     ] DEBUG Logger               - Configured Logger
22:37:04.022 [main                     ] DEBUG GameApplication      - Logging settings
Title: Breakout - LBYCPOB OOP Sample
Version: 3.0
Width: 800
Height: 800
Fullscreen: false
Intro: false
Profiling: false
Single step:false
App Mode: DEVELOPER
Menu Key: ESCAPE
Stage Style: DECORATED
Scene Factory: class com.almasb.fxgl.app.scene.SceneFactory

22:37:04.691 [JavaFX Application Thread] DEBUG FXGLApplication      - Initializing FXGL
22:37:04.696 [JavaFX Application Thread] INFO  Engine               - FXGL-25 (05.02.2026 22.57) on WINDOWS (J:25.0.3 FX:25.0.1)
22:37:04.696 [JavaFX Application Thread] DEBUG Engine               - JRE Vendor Name: Oracle Corporation
22:37:04.697 [JavaFX Application Thread] DEBUG Engine               - Running on OS: Windows 11 version 10.0
22:37:04.697 [JavaFX Application Thread] DEBUG Engine               - Architecture: amd64
22:37:04.697 [JavaFX Application Thread] INFO  Engine               - Source code and latest versions at: https://github.com/AlmasB/FXGL
22:37:04.697 [JavaFX Application Thread] INFO  Engine               -       Ask questions and discuss at: https://github.com/AlmasB/FXGL/discussions
22:37:04.825 [JavaFX Application Thread] DEBUG PrimaryStageWindow   - Creating a JavaFX scene
22:37:04.885 [JavaFX Application Thread] DEBUG PrimaryStageWindow   - Target settings size: 800.0 x 800.0
22:37:04.886 [JavaFX Application Thread] DEBUG PrimaryStageWindow   - Scaled scene size:    800.0 x 800.0
22:37:04.886 [JavaFX Application Thread] DEBUG PrimaryStageWindow   - Scaled ratio: (1.0, 1.0)
22:37:04.887 [JavaFX Application Thread] DEBUG PrimaryStageWindow   - Set initial scene to FXGLStartupScene
22:37:04.891 [JavaFX Application Thread] DEBUG PrimaryStageWindow   - Opening main window
22:37:05.286 [JavaFX Application Thread] DEBUG PrimaryStageWindow   - Window border size: (16.0, 39.0)
22:37:05.287 [JavaFX Application Thread] DEBUG PrimaryStageWindow   - Scaled size: 800.0 x 800.0
22:37:05.287 [JavaFX Application Thread] DEBUG PrimaryStageWindow   - Scaled ratio: (1.0, 1.0)
22:37:05.287 [JavaFX Application Thread] DEBUG PrimaryStageWindow   - Scene size: 800.0 x 800.0
22:37:05.287 [JavaFX Application Thread] DEBUG PrimaryStageWindow   - Stage size: 816.0 x 839.0
22:37:05.297 [FXGL Background Thread 1 ] DEBUG Engine               - Initializing environment variables
22:37:05.365 [FXGL Background Thread 1 ] DEBUG FXGLAssetLoaderServi - User app class for loading assets: class ph.edu.dlsu.lbycpob.breakoutfxgl.app.BreakoutApp
22:37:05.365 [FXGL Background Thread 1 ] DEBUG GameApplicationServi - Applying CSS: fxgl_dark.css
22:37:05.366 [FXGL Background Thread 1 ] DEBUG FXGLAssetLoaderServi - Loading from file system: jar:file:/C:/Users/nshpa/.m2/repository/com/github/almasb/fxgl/25/fxgl-25.jar!/fxglassets/ui/css/fxgl_dark.css
22:37:05.441 [FXGL Background Thread 1 ] DEBUG GameApplicationServi - Initializing application scenes
22:37:05.495 [FXGL Background Thread 1 ] DEBUG GameWorld            - Game world initialized
22:37:05.562 [FXGL Background Thread 1 ] DEBUG PhysicsWorld         - Physics world initialized: appHeight=800, physics.ppm=50.0
22:37:05.562 [FXGL Background Thread 1 ] DEBUG PhysicsWorld         - Using strategy: BRUTE_FORCE
22:37:05.569 [FXGL Background Thread 1 ] DEBUG GameScene            - Game scene initialized: 800x800
22:37:05.590 [FXGL Background Thread 1 ] DEBUG FXGL.DefaultMenu     - createMenuBodyGameMenu()
22:37:05.613 [FXGL Background Thread 1 ] DEBUG FXGL.DefaultMenu     - createOptionsMenu()
22:37:05.627 [FXGL Background Thread 1 ] DEBUG FXGLAssetLoaderServi - Loading from file system: jar:file:/C:/Users/nshpa/.m2/repository/com/github/almasb/fxgl/25/fxgl-25.jar!/fxglassets/textures/particles/smoke.png
22:37:05.717 [FXGL Background Thread 1 ] DEBUG FXGLAssetLoaderServi - Loading from file system: jar:file:/C:/Users/nshpa/.m2/repository/com/github/almasb/fxgl/25/fxgl-25.jar!/fxglassets/textures/particles/trace_horizontal.png
22:37:05.750 [FXGL Background Thread 1 ] DEBUG GameApplicationServi - Application scenes initialized
22:37:05.766 [FXGL Background Thread 1 ] DEBUG SystemBundleService  - Loading FXGL system data
22:37:05.767 [FXGL Background Thread 1 ] DEBUG FileSystemAccess     - Reading from: C:\Users\nshpa\Desktop\BreakoutFXGL\system\fxgl.bundle
22:37:05.771 [FXGL Background Thread 1 ] DEBUG SystemBundleService  - Bundle FXGL: {}
22:37:05.771 [FXGL Background Thread 1 ] DEBUG UpdaterService       - Checking for updates
22:37:05.774 [FXGL Background Thread 4 ] DEBUG FXGLApplication      - Loading fonts
22:37:05.776 [FXGL Background Thread 4 ] DEBUG FXGLAssetLoaderServi - Loading from file system: jar:file:/C:/Users/nshpa/.m2/repository/com/github/almasb/fxgl/25/fxgl-25.jar!/fxglassets/ui/fonts/VarelaRound-Regular.ttf
22:37:05.776 [FXGL Background Thread 1 ] DEBUG FXGLApplication      - Loading default localization
22:37:05.777 [FXGL Background Thread 1 ] DEBUG FXGLAssetLoaderServi - Loading from file system: jar:file:/C:/Users/nshpa/.m2/repository/com/github/almasb/fxgl/25/fxgl-25.jar!/fxglassets/languages/english.lang
22:37:05.784 [FXGL Background Thread 4 ] DEBUG FXGLAssetLoaderServi - Loading from file system: jar:file:/C:/Users/nshpa/.m2/repository/com/github/almasb/fxgl/25/fxgl-25.jar!/fxglassets/ui/fonts/Abel-Regular.ttf
22:37:05.799 [FXGL Background Thread 4 ] DEBUG FXGLAssetLoaderServi - Loading from file system: jar:file:/C:/Users/nshpa/.m2/repository/com/github/almasb/fxgl/25/fxgl-25.jar!/fxglassets/ui/fonts/TerminalLandMono-Regular.otf
22:37:05.802 [FXGL Background Thread 1 ] INFO  FXGLApplication      - FXGL initialization took: 0.506 sec
22:37:05.804 [FXGL Background Thread 4 ] DEBUG FXGLAssetLoaderServi - Loading from file system: jar:file:/C:/Users/nshpa/.m2/repository/com/github/almasb/fxgl/25/fxgl-25.jar!/fxglassets/ui/fonts/Courier-Prime.ttf
22:37:05.812 [JavaFX Application Thread] DEBUG Input                - Registered new binding: Move Left - Left
22:37:05.812 [JavaFX Application Thread] DEBUG Input                - Registered new binding: Move Right - Right
22:37:05.812 [JavaFX Application Thread] DEBUG Input                - Registered new binding: Move Left A - A
22:37:05.813 [JavaFX Application Thread] DEBUG Input                - Registered new binding: Move Right D - D
22:37:05.813 [JavaFX Application Thread] DEBUG Input                - Registered new binding: Restart Game - R
22:37:05.813 [JavaFX Application Thread] DEBUG Input                - Registered new binding: Toggle Mute - M
22:37:05.813 [JavaFX Application Thread] DEBUG FXGLAssetLoaderServi - Loading from file system: jar:file:/C:/Users/nshpa/.m2/repository/com/github/almasb/fxgl/25/fxgl-25.jar!/fxglassets/textures/fxgl_icon.png
22:37:05.833 [JavaFX Application Thread] DEBUG FXGLAssetLoaderServi - Loading from file system: jar:file:/C:/Users/nshpa/.m2/repository/com/github/almasb/fxgl/25/fxgl-25.jar!/fxglassets/textures/fxgl_default_cursor.png
22:37:05.835 [JavaFX Application Thread] DEBUG Input                - Registered new binding: Screenshot - CTRL+8
22:37:05.837 [JavaFX Application Thread] DEBUG Input                - Registered new binding: System info dump - CTRL+9
22:37:05.837 [JavaFX Application Thread] DEBUG Input                - Registered new binding: Restart - CTRL+R
22:37:05.838 [JavaFX Application Thread] DEBUG Input                - Registered new binding: Toggle Debug Camera - CTRL+7
22:37:05.843 [JavaFX Application Thread] DEBUG LoopRunner           - Starting loop
22:37:05.843 [JavaFX Application Thread] DEBUG LoopRunner           - Initializing JavaFX AnimationTimerLoop
22:37:05.846 [JavaFX Application Thread] DEBUG GameApplicationServi - Starting new game
22:37:05.847 [JavaFX Application Thread] DEBUG Input                - Clearing active input actions
22:37:05.863 [JavaFX Application Thread] DEBUG GameApplicationServi - Removing overlay from FXGLStartupScene and adding to FXGLLoadingScene
22:37:05.863 [JavaFX Application Thread] DEBUG PrimaryStageWindow   - FXGLStartupScene -> FXGLLoadingScene
22:37:05.863 [JavaFX Application Thread] DEBUG GameApplicationServi - Clearing previous game
22:37:05.864 [JavaFX Application Thread] DEBUG GameScene            - Clearing game scene
22:37:05.864 [JavaFX Application Thread] DEBUG GameWorld            - Clearing game world
22:37:05.864 [JavaFX Application Thread] DEBUG PhysicsWorld         - Clearing physics world
22:37:05.865 [FXGL Background Thread 4 ] DEBUG FXGLApplication      - Initializing game
22:37:05.868 [JavaFX Application Thread] DEBUG FXGLApplication      - Registering font factories with UI factory
22:37:06.095 [FXGL Background Thread 4 ] INFO  FXGLApplication      - Game initialization took: 0.229 sec
22:37:06.161 [JavaFX Application Thread] DEBUG Input                - Clearing active input actions
22:37:06.178 [JavaFX Application Thread] DEBUG GameApplicationServi - Removing overlay from FXGLLoadingScene and adding to GameScene
22:37:06.179 [JavaFX Application Thread] DEBUG PrimaryStageWindow   - FXGLLoadingScene -> GameScene
22:37:08.774 [FXGL Background Thread 3 ] DEBUG Engine               - Logging environment variables
22:37:08.775 [FXGL Background Thread 3 ] DEBUG Engine               - achievements: []
22:37:08.775 [FXGL Background Thread 3 ] DEBUG Engine               - actualHeight: 800.0
22:37:08.775 [FXGL Background Thread 3 ] DEBUG Engine               - actualHeightProperty: ReadOnlyDoubleProperty [value: 800.0]
22:37:08.775 [FXGL Background Thread 3 ] DEBUG Engine               - actualWidth: 800.0
22:37:08.775 [FXGL Background Thread 3 ] DEBUG Engine               - actualWidthProperty: ReadOnlyDoubleProperty [value: 800.0]
22:37:08.775 [FXGL Background Thread 3 ] DEBUG Engine               - appIcon: fxgl_icon.png
22:37:08.775 [FXGL Background Thread 3 ] DEBUG Engine               - applicationMode: DEVELOPER
22:37:08.775 [FXGL Background Thread 3 ] DEBUG Engine               - cSSList: [fxgl_dark.css]
22:37:08.775 [FXGL Background Thread 3 ] DEBUG Engine               - collisionDetectionStrategy: BRUTE_FORCE
22:37:08.775 [FXGL Background Thread 3 ] DEBUG Engine               - configClass: Optional.empty
22:37:08.775 [FXGL Background Thread 3 ] DEBUG Engine               - credits: []
22:37:08.776 [FXGL Background Thread 3 ] DEBUG Engine               - defaultCursor: CursorInfo(imageName=fxgl_default_cursor.png, hotspotX=7.0, hotspotY=6.0)
22:37:08.776 [FXGL Background Thread 3 ] DEBUG Engine               - devBBoxColorProperty: ObjectProperty [value: 0xff0000ff]
22:37:08.776 [FXGL Background Thread 3 ] DEBUG Engine               - devEnableDebugCameraProperty: BooleanProperty [value: false]
22:37:08.776 [FXGL Background Thread 3 ] DEBUG Engine               - devSensorColorProperty: ObjectProperty [value: 0xffff00ff]
22:37:08.776 [FXGL Background Thread 3 ] DEBUG Engine               - devShowBBoxProperty: BooleanProperty [value: false]
22:37:08.776 [FXGL Background Thread 3 ] DEBUG Engine               - devShowPositionProperty: BooleanProperty [value: false]
22:37:08.776 [FXGL Background Thread 3 ] DEBUG Engine               - enabledMenuItems: []
22:37:08.776 [FXGL Background Thread 3 ] DEBUG Engine               - engineServices: [class com.almasb.fxgl.app.services.FXGLAssetLoaderService, class com.almasb.fxgl.app.FXGLApplication$GameApplicationService, class com.almasb.fxgl.app.services.FXGLDialogService, class com.almasb.fxgl.app.services.IOTaskExecutorService, class com.almasb.fxgl.io.FileSystemService, class com.almasb.fxgl.localization.LocalizationService, class com.almasb.fxgl.app.services.SystemBundleService, class com.almasb.fxgl.profile.SaveLoadService, class com.almasb.fxgl.ui.FXGLUIFactoryServiceProvider, class com.almasb.fxgl.ui.FXGLDialogFactoryServiceProvider, class com.almasb.fxgl.audio.AudioPlayer, class com.almasb.fxgl.notification.impl.NotificationServiceProvider, class com.almasb.fxgl.achievement.AchievementService, class com.almasb.fxgl.cutscene.CutsceneService, class com.almasb.fxgl.minigames.MiniGameService, class com.almasb.fxgl.net.NetService, class com.almasb.fxgl.app.services.UpdaterService, class com.almasb.fxgl.dev.DevService]
22:37:08.776 [FXGL Background Thread 3 ] DEBUG Engine               - fontGame: Abel-Regular.ttf
22:37:08.776 [FXGL Background Thread 3 ] DEBUG Engine               - fontMono: TerminalLandMono-Regular.otf
22:37:08.776 [FXGL Background Thread 3 ] DEBUG Engine               - fontSizeScaleUI: 1.0
22:37:08.776 [FXGL Background Thread 3 ] DEBUG Engine               - fontText: Courier-Prime.ttf
22:37:08.776 [FXGL Background Thread 3 ] DEBUG Engine               - fontUI: VarelaRound-Regular.ttf
22:37:08.776 [FXGL Background Thread 3 ] DEBUG Engine               - fpsRefreshRate: 500.0 ms
22:37:08.776 [FXGL Background Thread 3 ] DEBUG Engine               - fullScreen: BooleanProperty [value: false]
22:37:08.776 [FXGL Background Thread 3 ] DEBUG Engine               - gameDifficulty: MEDIUM
22:37:08.777 [FXGL Background Thread 3 ] DEBUG Engine               - gameDifficultyProperty: ObjectProperty [value: MEDIUM]
22:37:08.777 [FXGL Background Thread 3 ] DEBUG Engine               - globalMusicVolume: 0.5
22:37:08.777 [FXGL Background Thread 3 ] DEBUG Engine               - globalMusicVolumeProperty: DoubleProperty [value: 0.5]
22:37:08.777 [FXGL Background Thread 3 ] DEBUG Engine               - globalSoundVolume: 0.5
22:37:08.777 [FXGL Background Thread 3 ] DEBUG Engine               - globalSoundVolumeProperty: DoubleProperty [value: 0.5]
22:37:08.777 [FXGL Background Thread 3 ] DEBUG Engine               - height: 800
22:37:08.777 [FXGL Background Thread 3 ] DEBUG Engine               - is3D: false
22:37:08.777 [FXGL Background Thread 3 ] DEBUG Engine               - isAndroid: false
22:37:08.777 [FXGL Background Thread 3 ] DEBUG Engine               - isBrowser: false
22:37:08.777 [FXGL Background Thread 3 ] DEBUG Engine               - isClickFeedbackEnabled: false
22:37:08.777 [FXGL Background Thread 3 ] DEBUG Engine               - isCloseConfirmation: false
22:37:08.777 [FXGL Background Thread 3 ] DEBUG Engine               - isDesktop: true
22:37:08.777 [FXGL Background Thread 3 ] DEBUG Engine               - isDeveloperMenuEnabled: false
22:37:08.777 [FXGL Background Thread 3 ] DEBUG Engine               - isEmbedded: false
22:37:08.777 [FXGL Background Thread 3 ] DEBUG Engine               - isEntityPreloadEnabled: true
22:37:08.777 [FXGL Background Thread 3 ] DEBUG Engine               - isExperimentalTiledLargeMap: false
22:37:08.777 [FXGL Background Thread 3 ] DEBUG Engine               - isFileSystemWriteAllowed: true
22:37:08.777 [FXGL Background Thread 3 ] DEBUG Engine               - isFullScreenAllowed: false
22:37:08.777 [FXGL Background Thread 3 ] DEBUG Engine               - isFullScreenFromStart: false
22:37:08.777 [FXGL Background Thread 3 ] DEBUG Engine               - isGameMenuEnabled: true
22:37:08.777 [FXGL Background Thread 3 ] DEBUG Engine               - isIOS: false
22:37:08.777 [FXGL Background Thread 3 ] DEBUG Engine               - isIntroEnabled: false
22:37:08.777 [FXGL Background Thread 3 ] DEBUG Engine               - isLinux: false
22:37:08.777 [FXGL Background Thread 3 ] DEBUG Engine               - isMac: false
22:37:08.777 [FXGL Background Thread 3 ] DEBUG Engine               - isMainMenuEnabled: false
22:37:08.777 [FXGL Background Thread 3 ] DEBUG Engine               - isManualResizeEnabled: false
22:37:08.777 [FXGL Background Thread 3 ] DEBUG Engine               - isMobile: false
22:37:08.777 [FXGL Background Thread 3 ] DEBUG Engine               - isNative: false
22:37:08.777 [FXGL Background Thread 3 ] DEBUG Engine               - isPauseMusicWhenMinimized: true
22:37:08.777 [FXGL Background Thread 3 ] DEBUG Engine               - isPreserveResizeRatio: false
22:37:08.777 [FXGL Background Thread 3 ] DEBUG Engine               - isProfilingEnabled: false
22:37:08.777 [FXGL Background Thread 3 ] DEBUG Engine               - isScaleAffectedOnResize: true
22:37:08.777 [FXGL Background Thread 3 ] DEBUG Engine               - isSingleStep: false
22:37:08.777 [FXGL Background Thread 3 ] DEBUG Engine               - isUserProfileEnabled: false
22:37:08.777 [FXGL Background Thread 3 ] DEBUG Engine               - isWindows: true
22:37:08.777 [FXGL Background Thread 3 ] DEBUG Engine               - language: ObjectProperty [value: ENGLISH]
22:37:08.777 [FXGL Background Thread 3 ] DEBUG Engine               - menuKey: ESCAPE
22:37:08.777 [FXGL Background Thread 3 ] DEBUG Engine               - mouseSensitivity: 0.2
22:37:08.777 [FXGL Background Thread 3 ] DEBUG Engine               - notificationViewClass: class com.almasb.fxgl.notification.view.XboxNotificationView
22:37:08.777 [FXGL Background Thread 3 ] DEBUG Engine               - pixelsPerMeter: 50.0
22:37:08.777 [FXGL Background Thread 3 ] DEBUG Engine               - platform: WINDOWS
22:37:08.777 [FXGL Background Thread 3 ] DEBUG Engine               - prefHeightProperty: ReadOnlyDoubleProperty [value: 800.0]
22:37:08.777 [FXGL Background Thread 3 ] DEBUG Engine               - prefWidthProperty: ReadOnlyDoubleProperty [value: 800.0]
22:37:08.777 [FXGL Background Thread 3 ] DEBUG Engine               - profileDir: profiles/
22:37:08.777 [FXGL Background Thread 3 ] DEBUG Engine               - profileName: StringProperty [value: DEFAULT]
22:37:08.777 [FXGL Background Thread 3 ] DEBUG Engine               - randomSeed: -1
22:37:08.777 [FXGL Background Thread 3 ] DEBUG Engine               - runtimeInfo: RuntimeInfo(platform=WINDOWS, version=25, build=05.02.2026 22.57)
22:37:08.777 [FXGL Background Thread 3 ] DEBUG Engine               - saveFileExt: sav
22:37:08.777 [FXGL Background Thread 3 ] DEBUG Engine               - scaledHeightProp$fxgl: DoubleProperty [bound, value: 800.0]
22:37:08.777 [FXGL Background Thread 3 ] DEBUG Engine               - scaledWidthProp$fxgl: DoubleProperty [bound, value: 800.0]
22:37:08.777 [FXGL Background Thread 3 ] DEBUG Engine               - sceneFactory: com.almasb.fxgl.app.scene.SceneFactory@1b3de542
22:37:08.777 [FXGL Background Thread 3 ] DEBUG Engine               - secondsIn24h: 60
22:37:08.777 [FXGL Background Thread 3 ] DEBUG Engine               - soundMenuBack: menu/back.wav
22:37:08.777 [FXGL Background Thread 3 ] DEBUG Engine               - soundMenuPress: menu/press.wav
22:37:08.777 [FXGL Background Thread 3 ] DEBUG Engine               - soundMenuSelect: menu/select.wav
22:37:08.777 [FXGL Background Thread 3 ] DEBUG Engine               - soundNotification: core/notification.wav
22:37:08.777 [FXGL Background Thread 3 ] DEBUG Engine               - stageStyle: DECORATED
22:37:08.777 [FXGL Background Thread 3 ] DEBUG Engine               - supportedLanguages: [ENGLISH, FRENCH, GERMAN, HUNGARIAN, RUSSIAN]
22:37:08.777 [FXGL Background Thread 3 ] DEBUG Engine               - ticksPerSecond: -1
22:37:08.777 [FXGL Background Thread 3 ] DEBUG Engine               - title: Breakout - LBYCPOB OOP Sample
22:37:08.777 [FXGL Background Thread 3 ] DEBUG Engine               - urlGithub: https://github.com/AlmasB/FXGL
22:37:08.777 [FXGL Background Thread 3 ] DEBUG Engine               - urlLeaderboard: http://fxgl-top.herokuapp.com/
22:37:08.777 [FXGL Background Thread 3 ] DEBUG Engine               - urlPOM: https://raw.githubusercontent.com/AlmasB/FXGL/release/README.md
22:37:08.777 [FXGL Background Thread 3 ] DEBUG Engine               - userAppClass: class ph.edu.dlsu.lbycpob.breakoutfxgl.app.BreakoutApp
22:37:08.777 [FXGL Background Thread 3 ] DEBUG Engine               - version: 3.0
22:37:08.777 [FXGL Background Thread 3 ] DEBUG Engine               - versionCheckDays: 7
22:37:08.779 [FXGL Background Thread 3 ] DEBUG Engine               - width: 800
22:37:08.779 [FXGL Background Thread 3 ] DEBUG Engine               - Logging services
22:37:08.779 [FXGL Background Thread 3 ] DEBUG Engine               - class com.almasb.fxgl.app.services.FXGLAssetLoaderService
22:37:08.779 [FXGL Background Thread 3 ] DEBUG Engine               - class com.almasb.fxgl.app.FXGLApplication$GameApplicationService
22:37:08.779 [FXGL Background Thread 3 ] DEBUG Engine               - class com.almasb.fxgl.app.services.FXGLDialogService
22:37:08.779 [FXGL Background Thread 3 ] DEBUG Engine               - class com.almasb.fxgl.app.services.IOTaskExecutorService
22:37:08.779 [FXGL Background Thread 3 ] DEBUG Engine               - class com.almasb.fxgl.io.FileSystemService
22:37:08.779 [FXGL Background Thread 3 ] DEBUG Engine               - class com.almasb.fxgl.localization.LocalizationService
22:37:08.779 [FXGL Background Thread 3 ] DEBUG Engine               - class com.almasb.fxgl.app.services.SystemBundleService
22:37:08.779 [FXGL Background Thread 3 ] DEBUG Engine               - class com.almasb.fxgl.profile.SaveLoadService
22:37:08.779 [FXGL Background Thread 3 ] DEBUG Engine               - class com.almasb.fxgl.ui.FXGLUIFactoryServiceProvider
22:37:08.779 [FXGL Background Thread 3 ] DEBUG Engine               - class com.almasb.fxgl.ui.FXGLDialogFactoryServiceProvider
22:37:08.779 [FXGL Background Thread 3 ] DEBUG Engine               - class com.almasb.fxgl.audio.AudioPlayer
22:37:08.779 [FXGL Background Thread 3 ] DEBUG Engine               - class com.almasb.fxgl.notification.impl.NotificationServiceProvider
22:37:08.779 [FXGL Background Thread 3 ] DEBUG Engine               - class com.almasb.fxgl.achievement.AchievementService
22:37:08.779 [FXGL Background Thread 3 ] DEBUG Engine               - class com.almasb.fxgl.cutscene.CutsceneService
22:37:08.779 [FXGL Background Thread 3 ] DEBUG Engine               - class com.almasb.fxgl.minigames.MiniGameService
22:37:08.779 [FXGL Background Thread 3 ] DEBUG Engine               - class com.almasb.fxgl.net.NetService
22:37:08.779 [FXGL Background Thread 3 ] DEBUG Engine               - class com.almasb.fxgl.app.services.UpdaterService
22:37:08.779 [FXGL Background Thread 3 ] DEBUG Engine               - class com.almasb.fxgl.dev.DevService
22:37:11.482 [JavaFX Application Thread] DEBUG FXGLApplication      - Exiting FXGL
22:37:11.482 [JavaFX Application Thread] DEBUG LoopRunner           - Stopping loop
22:37:11.483 [JavaFX Application Thread] DEBUG SystemBundleService  - Saving FXGL system data
22:37:11.484 [JavaFX Application Thread] DEBUG FileSystemAccess     - Writing to: C:\Users\nshpa\Desktop\BreakoutFXGL\system\fxgl.bundle
22:37:11.485 [JavaFX Application Thread] DEBUG Async                - Shutting down background threads
22:37:11.485 [JavaFX Application Thread] DEBUG PrimaryStageWindow   - Closing main window
22:37:11.492 [JavaFX Application Thread] DEBUG Logger               - Closing Logger
